--------------------------------------------------------------------------------
Release 14.6 Trace  (nt64)
Copyright (c) 1995-2013 Xilinx, Inc.  All rights reserved.

C:\Xilinx\14.6\ISE_DS\ISE\bin\nt64\unwrapped\trce.exe -intstyle ise -v 3 -s 3
-n 3 -fastpaths -xml FullAdder_VHDL.twx FullAdder_VHDL.ncd -o
FullAdder_VHDL.twr FullAdder_VHDL.pcf -ucf FullAdder_UCF.ucf

Design file:              FullAdder_VHDL.ncd
Physical constraint file: FullAdder_VHDL.pcf
Device,package,speed:     xc6slx16,csg324,C,-3 (PRODUCTION 1.23 2013-06-08)
Report level:             verbose report

Environment Variable      Effect 
--------------------      ------ 
NONE                      No environment variables were set
--------------------------------------------------------------------------------

INFO:Timing:2698 - No timing constraints found, doing default enumeration.
INFO:Timing:3412 - To improve timing, see the Timing Closure User Guide (UG612).
INFO:Timing:2752 - To get complete path coverage, use the unconstrained paths 
   option. All paths that are not constrained will be reported in the 
   unconstrained paths section(s) of the report.
INFO:Timing:3339 - The clock-to-out numbers in this timing report are based on 
   a 50 Ohm transmission line loading model.  For the details of this model, 
   and for more information on accounting for different loading conditions, 
   please see the device datasheet.



Data Sheet report:
-----------------
All values displayed in nanoseconds (ns)

Pad to Pad
---------------+---------------+---------+
Source Pad     |Destination Pad|  Delay  |
---------------+---------------+---------+
A<0>           |Co             |    8.172|
A<0>           |S<0>           |    7.112|
A<0>           |S<1>           |    7.454|
A<0>           |S<2>           |    7.709|
A<1>           |Co             |    7.801|
A<1>           |S<1>           |    7.996|
A<1>           |S<2>           |    7.338|
A<2>           |Co             |    7.486|
A<2>           |S<2>           |    7.023|
B<0>           |Co             |    8.214|
B<0>           |S<0>           |    7.453|
B<0>           |S<1>           |    7.795|
B<0>           |S<2>           |    7.751|
B<1>           |Co             |    7.871|
B<1>           |S<1>           |    7.737|
B<1>           |S<2>           |    7.408|
B<2>           |Co             |    7.862|
B<2>           |S<2>           |    7.399|
Ci             |Co             |   11.669|
Ci             |S<0>           |   10.533|
Ci             |S<1>           |   10.875|
Ci             |S<2>           |   11.206|
---------------+---------------+---------+


Analysis completed Mon Feb 22 23:15:02 2016 
--------------------------------------------------------------------------------

Trace Settings:
-------------------------
Trace Settings 

Peak Memory Usage: 218 MB



